INFO: [VRFC 10-163] Analyzing VHDL file "C:/Users/TOSHIBA/Vivado_Labs/Lab9-10/Lab9-10.srcs/sources_1/new/Program_Rom.vhd" into library xil_defaultlib
INFO: [VRFC 10-307] analyzing entity Program_Rom
INFO: [VRFC 10-163] Analyzing VHDL file "C:/Users/TOSHIBA/Vivado_Labs/Lab9-10/Lab9-10.srcs/sources_1/imports/new/Slow_Clk.vhd" into library xil_defaultlib
INFO: [VRFC 10-307] analyzing entity Slow_Clk
